-------------------------------------------------------------------------------
      name:  <unnamed>
       log:  /Users/sambonsall/Library/CloudStorage/OneDrive-ThePennsylvaniaSta
> teUniversity/ACCTG 597A/acctg597a-research-design/week04-basu-asymmetric-time
> liness/basu_asymmetric_timeliness.log
  log type:  text
 opened on:  14 Sep 2026, 07:14:52

. capture mkdir figures

. capture mkdir tables

. 
. *****************************************************************************
> ***
. * MODULE 1: The exact sample decomposition of the two Basu slopes
. *****************************************************************************
> ***
. * Week 4, Basu (1997): the exact sample decomposition of the two Basu slopes
. *
. * Demonstrates that within each sign-partitioned subsample the reverse slope
. * of earnings on returns equals the full-sample forward slope plus a sample-
. * variance-ratio (SVR) term plus a sample-truncation (ST) term, exactly, and
. * that Basu's interaction coefficient is the difference of the two subsample
. * slopes (Dietrich, Muller, and Riedl 2007, eqs. 1.7a-b and Table 2 Panels D-
> E).
. *
. * DGP (DMR eq. 1.1 with beta = lambda = 1, no conservatism): R = X + eta,
. * cov(X, eta) = 0, N = 50,000, moments calibrated to DMR Table 1:
. * sd(X) = 0.17 (var 0.029), sd(eta) = 0.497 (var 0.247, so var(R) = 0.276).
. *   Design 1: X and eta symmetric normal, split at the mean of R (zero).
. *   Design 2: X normal, eta right-skewed (standardized chi-square(2), mean 0,
. *             sd 0.497, skewness 2), split at zero; returns then have the lon
> g
. *             right tail of DMR Table 1.
. * Identities checked (zero to machine precision):
. *   full sample: delta = b s2_X/s2_R and R2 = delta b (DMR eq. 1.4; Basu fn. 
> 7)
. *   each half j: delta_j = b + SVR_j + ST_j, SVR_j = b s2_X,j/s2_R,j - b,
. *                ST_j = s_Xtau,j/s2_R,j, tau the full-sample forward residual
. *   each half j: delta_j^2 = R2_j s2_X,j/s2_R,j (Basu fn. 7)
. *   stacked regression: beta1 = delta_1 - delta_0, beta0 = delta_0 (DMR fn. 1
> 4)
. * Requirements: base Stata. Output: tables/tab_basu_identity.tex
. 
. clear all

. set seed 1997

. 
. local N = 50000

. 
. forvalues d = 1/2 {
  2.     clear
  3.     set obs `N'
  4.     gen X = 0.17*rnormal()
  5.     if `d' == 1 gen eta = 0.497*rnormal()
  6.     if `d' == 2 gen eta = 0.497*(rchi2(2) - 2)/2
  7.     gen R  = X + eta
  8.     gen DR = (R < 0)
  9.     gen RDR = R*DR
 10. 
.     * full-sample forward and reverse regressions
.     reg R X
 11.     scalar b`d' = _b[X]
 12.     scalar r2f`d' = e(r2)
 13.     predict tau, resid
 14.     reg X R
 15.     scalar dfull`d' = _b[R]
 16.     scalar r2r`d' = e(r2)
 17.     qui corr X R eta tau, cov
 18.     matrix C = r(C)
 19.     scalar vXf`d' = C[1,1]
 20.     scalar vRf`d' = C[2,2]
 21.     scalar cXetaf`d' = C[1,3]
 22. 
.     * stacked Basu regression
.     reg X DR R RDR
 23.     scalar bas0`d' = _b[R]
 24.     scalar bas1`d' = _b[RDR]
 25.     scalar bas1t`d' = _b[RDR]/_se[RDR]
 26. 
.     * subsamples: j = 0 good news (R >= 0), j = 1 bad news (R < 0)
.     forvalues j = 0/1 {
 27.         if `j' == 0 local cond "R >= 0"
 28.         else local cond "R < 0"
 29.         reg X R if `cond'
 30.         scalar del`d'`j' = _b[R]
 31.         scalar r2`d'`j'  = e(r2)
 32.         qui corr X R eta tau if `cond', cov
 33.         matrix C = r(C)
 34.         scalar vX`d'`j'    = C[1,1]
 35.         scalar vR`d'`j'    = C[2,2]
 36.         scalar cXeta`d'`j' = C[1,3]
 37.         scalar cXtau`d'`j' = C[1,4]
 38.         scalar svr`d'`j'   = b`d'*vX`d'`j'/vR`d'`j' - b`d'
 39.         scalar st`d'`j'    = cXtau`d'`j'/vR`d'`j'
 40.         scalar sum`d'`j'   = b`d' + svr`d'`j' + st`d'`j'
 41.     }
 42. 
.     di _n "Design `d' identity checks (should be zero to machine precision):"
 43.     di "  full: delta minus b*s2X/s2R          : " %10.6f (dfull`d' - b`d'
> *vXf`d'/vRf`d')
 44.     di "  full: R2(reverse) minus R2(forward)  : " %10.6f (r2r`d' - r2f`d'
> )
 45.     di "  full: R2 minus delta*b               : " %10.6f (r2r`d' - dfull`
> d'*b`d')
 46.     di "  full: cov(X, tau) (OLS orthogonality): " %10.6f C[1,4]
 47.     forvalues j = 0/1 {
 48.         di "  half `j': delta_j minus (b + SVR_j + ST_j): " %10.6f (del`d'
> `j' - sum`d'`j')
 49.         di "  half `j': delta_j^2 minus R2_j*s2X_j/s2R_j : " %10.6f (del`d
> '`j'^2 - r2`d'`j'*vX`d'`j'/vR`d'`j')
 50.         assert abs(del`d'`j' - sum`d'`j') < 1e-6
 51.         assert abs(del`d'`j'^2 - r2`d'`j'*vX`d'`j'/vR`d'`j') < 1e-6
 52.     }
 53.     di "  stacked: beta1 minus (delta_1 - delta_0): " %10.6f (bas1`d' - (d
> el`d'1 - del`d'0))
 54.     di "  stacked: beta0 minus delta_0            : " %10.6f (bas0`d' - de
> l`d'0)
 55.     assert abs(dfull`d' - b`d'*vXf`d'/vRf`d') < 1e-6
 56.     assert abs(r2r`d' - r2f`d') < 1e-6
 57.     assert abs(r2r`d' - dfull`d'*b`d') < 1e-6
 58.     assert abs(bas1`d' - (del`d'1 - del`d'0)) < 1e-6
 59.     assert abs(bas0`d' - del`d'0) < 1e-6
 60. 
.     di _n "Design `d' values:"
 61.     di "  forward slope b = " %6.3f b`d' "   full-sample reverse slope del
> ta = " %6.3f dfull`d' "   s2X/s2R = " %6.3f vXf`d'/vRf`d'
 62.     forvalues j = 0/1 {
 63.         di "  half `j': delta_j = " %7.3f del`d'`j' "  SVR_j = " %7.3f svr
> `d'`j' "  ST_j = " %7.3f st`d'`j' ///
>            "  cov(X,eta|j) = " %8.4f cXeta`d'`j' "  R2_j = " %6.3f r2`d'`j' "
>   s2X_j/s2R_j = " %6.3f vX`d'`j'/vR`d'`j'
 64.     }
 65.     di "  Basu beta1 = " %6.3f bas1`d' " (t = " %5.1f bas1t`d' ")"
 66. }
Number of observations (_N) was 0, now 50,000.

      Source |       SS           df       MS      Number of obs   =    50,000
-------------+----------------------------------   F(1, 49998)     =   5922.87
       Model |  1468.66578         1  1468.66578   Prob > F        =    0.0000
    Residual |    12397.76    49,998  .247965119   R-squared       =    0.1059
-------------+----------------------------------   Adj R-squared   =    0.1059
       Total |  13866.4258    49,999  .277334062   Root MSE        =    .49796

------------------------------------------------------------------------------
           R | Coefficient  Std. err.      t    P>|t|     [95% conf. interval]
-------------+----------------------------------------------------------------
           X |   1.008762   .0131076    76.96   0.000     .9830712    1.034453
       _cons |  -.0029264    .002227    -1.31   0.189    -.0072913    .0014385
------------------------------------------------------------------------------

      Source |       SS           df       MS      Number of obs   =    50,000
-------------+----------------------------------   F(1, 49998)     =   5922.87
       Model |  152.863495         1  152.863495   Prob > F        =    0.0000
    Residual |  1290.39905    49,998  .025809013   R-squared       =    0.1059
-------------+----------------------------------   Adj R-squared   =    0.1059
       Total |  1443.26255    49,999  .028865828   Root MSE        =    .16065

------------------------------------------------------------------------------
           X | Coefficient  Std. err.      t    P>|t|     [95% conf. interval]
-------------+----------------------------------------------------------------
           R |   .1049952   .0013643    76.96   0.000     .1023212    .1076692
       _cons |   .0012312   .0007185     1.71   0.087     -.000177    .0026394
------------------------------------------------------------------------------

      Source |       SS           df       MS      Number of obs   =    50,000
-------------+----------------------------------   F(3, 49996)     =   1974.72
       Model |  152.898607         3  50.9662025   Prob > F        =    0.0000
    Residual |  1290.36394    49,996  .025809344   R-squared       =    0.1059
-------------+----------------------------------   Adj R-squared   =    0.1059
       Total |  1443.26255    49,999  .028865828   Root MSE        =    .16065

------------------------------------------------------------------------------
           X | Coefficient  Std. err.      t    P>|t|     [95% conf. interval]
-------------+----------------------------------------------------------------
          DR |  -.0027449   .0023811    -1.15   0.249    -.0074118     .001922
           R |   .1033377   .0031869    32.43   0.000     .0970913    .1095841
         RDR |  -.0008413   .0045214    -0.19   0.852    -.0097032    .0080206
       _cons |    .002425   .0016774     1.45   0.148    -.0008627    .0057127
------------------------------------------------------------------------------

      Source |       SS           df       MS      Number of obs   =    24,965
-------------+----------------------------------   F(1, 24963)     =   1061.52
       Model |  27.1364822         1  27.1364822   Prob > F        =    0.0000
    Residual |  638.149937    24,963  .025563832   R-squared       =    0.0408
-------------+----------------------------------   Adj R-squared   =    0.0408
       Total |  665.286419    24,964  .026649833   Root MSE        =    .15989

------------------------------------------------------------------------------
           X | Coefficient  Std. err.      t    P>|t|     [95% conf. interval]
-------------+----------------------------------------------------------------
           R |   .1033377   .0031717    32.58   0.000     .0971209    .1095544
       _cons |    .002425   .0016694     1.45   0.146    -.0008471    .0056971
------------------------------------------------------------------------------

      Source |       SS           df       MS      Number of obs   =    25,035
-------------+----------------------------------   F(1, 25033)     =   1011.71
       Model |  26.3593587         1  26.3593587   Prob > F        =    0.0000
    Residual |  652.214001    25,033  .026054169   R-squared       =    0.0388
-------------+----------------------------------   Adj R-squared   =    0.0388
       Total |   678.57336    25,034   .02710607   Root MSE        =    .16141

------------------------------------------------------------------------------
           X | Coefficient  Std. err.      t    P>|t|     [95% conf. interval]
-------------+----------------------------------------------------------------
           R |   .1024964   .0032224    31.81   0.000     .0961803    .1088125
       _cons |  -.0003199   .0016979    -0.19   0.851     -.003648    .0030081
------------------------------------------------------------------------------

Design 1 identity checks (should be zero to machine precision):
  full: delta minus b*s2X/s2R          :  -0.000000
  full: R2(reverse) minus R2(forward)  :   0.000000
  full: R2 minus delta*b               :   0.000000
  full: cov(X, tau) (OLS orthogonality):  -0.017071
  half 0: delta_j minus (b + SVR_j + ST_j):   0.000000
  half 0: delta_j^2 minus R2_j*s2X_j/s2R_j :  -0.000000
  half 1: delta_j minus (b + SVR_j + ST_j):   0.000000
  half 1: delta_j^2 minus R2_j*s2X_j/s2R_j :  -0.000000
  stacked: beta1 minus (delta_1 - delta_0):  -0.000000
  stacked: beta0 minus delta_0            :   0.000000

Design 1 values:
  forward slope b =  1.009   full-sample reverse slope delta =  0.105   s2X/s2R
>  =  0.104
  half 0: delta_j =   0.103  SVR_j =  -0.745  ST_j =  -0.161  cov(X,eta|j) =  -
> 0.0161  R2_j =  0.041  s2X_j/s2R_j =  0.262
  half 1: delta_j =   0.102  SVR_j =  -0.736  ST_j =  -0.170  cov(X,eta|j) =  -
> 0.0168  R2_j =  0.039  s2X_j/s2R_j =  0.270
  Basu beta1 = -0.001 (t =  -0.2)
Number of observations (_N) was 0, now 50,000.

      Source |       SS           df       MS      Number of obs   =    50,000
-------------+----------------------------------   F(1, 49998)     =   5628.25
       Model |  1385.93368         1  1385.93368   Prob > F        =    0.0000
    Residual |  12311.7996    49,998  .246245843   R-squared       =    0.1012
-------------+----------------------------------   Adj R-squared   =    0.1012
       Total |  13697.7333    49,999  .273960146   Root MSE        =    .49623

------------------------------------------------------------------------------
           R | Coefficient  Std. err.      t    P>|t|     [95% conf. interval]
-------------+----------------------------------------------------------------
           X |    .977905    .013035    75.02   0.000     .9523563    1.003454
       _cons |   .0008425   .0022192     0.38   0.704    -.0035072    .0051922
------------------------------------------------------------------------------

      Source |       SS           df       MS      Number of obs   =    50,000
-------------+----------------------------------   F(1, 49998)     =   5628.25
       Model |  146.636752         1  146.636752   Prob > F        =    0.0000
    Residual |  1302.63254    49,998  .026053693   R-squared       =    0.1012
-------------+----------------------------------   Adj R-squared   =    0.1012
       Total |   1449.2693    49,999  .028985966   Root MSE        =    .16141

------------------------------------------------------------------------------
           X | Coefficient  Std. err.      t    P>|t|     [95% conf. interval]
-------------+----------------------------------------------------------------
           R |   .1034659   .0013791    75.02   0.000     .1007627     .106169
       _cons |   .0001365   .0007219     0.19   0.850    -.0012784    .0015513
------------------------------------------------------------------------------

      Source |       SS           df       MS      Number of obs   =    50,000
-------------+----------------------------------   F(3, 49996)     =   5313.33
       Model |  350.360122         3  116.786707   Prob > F        =    0.0000
    Residual |  1098.90917    49,996  .021979942   R-squared       =    0.2417
-------------+----------------------------------   Adj R-squared   =    0.2417
       Total |   1449.2693    49,999  .028985966   Root MSE        =    .14826

------------------------------------------------------------------------------
           X | Coefficient  Std. err.      t    P>|t|     [95% conf. interval]
-------------+----------------------------------------------------------------
          DR |   .0559699   .0022503    24.87   0.000     .0515592    .0603806
           R |  -.0020746   .0021557    -0.96   0.336    -.0062997    .0021506
         RDR |   .4798078     .00502    95.58   0.000     .4699686    .4896471
       _cons |   .0588655   .0015086    39.02   0.000     .0559087    .0618223
------------------------------------------------------------------------------

      Source |       SS           df       MS      Number of obs   =    19,530
-------------+----------------------------------   F(1, 19528)     =      0.69
       Model |  .020356716         1  .020356716   Prob > F        =    0.4046
    Residual |  572.279379    19,528  .029305581   R-squared       =    0.0000
-------------+----------------------------------   Adj R-squared   =   -0.0000
       Total |  572.299736    19,529  .029305122   Root MSE        =    .17119

------------------------------------------------------------------------------
           X | Coefficient  Std. err.      t    P>|t|     [95% conf. interval]
-------------+----------------------------------------------------------------
           R |  -.0020746   .0024891    -0.83   0.405    -.0069535    .0028044
       _cons |   .0588655   .0017419    33.79   0.000     .0554513    .0622798
------------------------------------------------------------------------------

      Source |       SS           df       MS      Number of obs   =    30,470
-------------+----------------------------------   F(1, 30468)     =  14120.57
       Model |  244.069544         1  244.069544   Prob > F        =    0.0000
    Residual |  526.629795    30,468  .017284685   R-squared       =    0.3167
-------------+----------------------------------   Adj R-squared   =    0.3167
       Total |  770.699339    30,469   .02529454   Root MSE        =    .13147

------------------------------------------------------------------------------
           X | Coefficient  Std. err.      t    P>|t|     [95% conf. interval]
-------------+----------------------------------------------------------------
           R |   .4777333   .0040203   118.83   0.000     .4698533    .4856133
       _cons |   .1148354   .0014808    77.55   0.000     .1119331    .1177378
------------------------------------------------------------------------------

Design 2 identity checks (should be zero to machine precision):
  full: delta minus b*s2X/s2R          :   0.000000
  full: R2(reverse) minus R2(forward)  :  -0.000000
  full: R2 minus delta*b               :  -0.000000
  full: cov(X, tau) (OLS orthogonality):  -0.007968
  half 0: delta_j minus (b + SVR_j + ST_j):   0.000000
  half 0: delta_j^2 minus R2_j*s2X_j/s2R_j :   0.000000
  half 1: delta_j minus (b + SVR_j + ST_j):   0.000000
  half 1: delta_j^2 minus R2_j*s2X_j/s2R_j :   0.000000
  stacked: beta1 minus (delta_1 - delta_0):   0.000000
  stacked: beta0 minus delta_0            :   0.000000

Design 2 values:
  forward slope b =  0.978   full-sample reverse slope delta =  0.103   s2X/s2R
>  =  0.106
  half 0: delta_j =  -0.002  SVR_j =  -0.860  ST_j =  -0.120  cov(X,eta|j) =  -
> 0.0298  R2_j =  0.000  s2X_j/s2R_j =  0.121
  half 1: delta_j =   0.478  SVR_j =  -0.273  ST_j =  -0.227  cov(X,eta|j) =  -
> 0.0085  R2_j =  0.317  s2X_j/s2R_j =  0.721
  Basu beta1 =  0.480 (t =  95.6)

. 
. * ---- numbers that travel to the slide: formats that do not pad ----
. foreach s in b1 b2 dfull1 dfull2 bas11 bas12 {
  2.     local f`s' : di %6.3f `s'
  3.     local f`s' = strtrim("`f`s''")
  4. }

. forvalues d = 1/2 {
  2.     forvalues j = 0/1 {
  3.         foreach s in del svr st sum r2 {
  4.             local f`s'`d'`j' : di %6.3f `s'`d'`j'
  5.             local f`s'`d'`j' = strtrim("`f`s'`d'`j''")
  6.         }
  7.         local fcx`d'`j' : di %6.3f cXeta`d'`j'
  8.         local fcx`d'`j' = strtrim("`fcx`d'`j''")
  9.     }
 10.     local fbt`d' : di %4.1f bas1t`d'
 11.     local fbt`d' = strtrim("`fbt`d''")
 12. }

. 
. * ---- booktabs fragment: escape math dollars as \$ (file write expands $) --
> --
. file open tab using tables/tab_basu_identity.tex, write replace

. file write tab "\begin{tabular}{@{}lcccc@{}}" _n

. file write tab "\toprule" _n

. file write tab " & \multicolumn{2}{c}{Symmetric normal} & \multicolumn{2}{c}{
> Right-skewed \$\eta\$} \\" _n

. file write tab "\cmidrule(lr){2-3} \cmidrule(lr){4-5}" _n

. file write tab " & Good, \$R \ge 0\$ & Bad, \$R < 0\$ & Good, \$R \ge 0\$ & B
> ad, \$R < 0\$ \\" _n

. file write tab "\midrule" _n

. file write tab "Forward slope \$b\$ & `fb1' & `fb1' & `fb2' & `fb2' \\" _n

. file write tab "SVR\$_j\$ & `fsvr10' & `fsvr11' & `fsvr20' & `fsvr21' \\" _n

. file write tab "ST\$_j\$ & `fst10' & `fst11' & `fst20' & `fst21' \\" _n

. file write tab "\$b + \mathrm{SVR}_j + \mathrm{ST}_j\$ & `fsum10' & `fsum11' 
> & `fsum20' & `fsum21' \\" _n

. file write tab "Basu slope \$\hat\delta_j\$ & \textcolor{DeepNavy}{\bfseries 
> `fdel10'} & \textcolor{DeepNavy}{\bfseries `fdel11'} & \textcolor{Maroon}{\bf
> series `fdel20'} & \textcolor{Maroon}{\bfseries `fdel21'} \\" _n

. file write tab "\midrule" _n

. file write tab "\$\mathrm{cov}(X, \eta \mid j)\$ & `fcx10' & `fcx11' & `fcx20
> ' & `fcx21' \\" _n

. file write tab "\$R^2_j\$ & `fr210' & `fr211' & `fr220' & `fr221' \\" _n

. file write tab "\midrule" _n

. file write tab "\$\hat\beta_1\$ (\$t\$) & \multicolumn{2}{c}{\textcolor{DeepN
> avy}{\bfseries `fbas11' (`fbt1')}} & \multicolumn{2}{c}{\textcolor{Maroon}{\b
> fseries `fbas12' (`fbt2')}} \\" _n

. file write tab "\bottomrule" _n

. file write tab "\end{tabular}" _n

. file close tab

. type tables/tab_basu_identity.tex
\begin{tabular}{@{}lcccc@{}}
\toprule
 & \multicolumn{2}{c}{Symmetric normal} & \multicolumn{2}{c}{Right-skewed $\eta
> $} \\
\cmidrule(lr){2-3} \cmidrule(lr){4-5}
 & Good, $R \ge 0$ & Bad, $R < 0$ & Good, $R \ge 0$ & Bad, $R < 0$ \\
\midrule
Forward slope $b$ & 1.009 & 1.009 & 0.978 & 0.978 \\
SVR$_j$ & -0.745 & -0.736 & -0.860 & -0.273 \\
ST$_j$ & -0.161 & -0.170 & -0.120 & -0.227 \\
$b + \mathrm{SVR}_j + \mathrm{ST}_j$ & 0.103 & 0.102 & -0.002 & 0.478 \\
Basu slope $\hat\delta_j$ & \textcolor{DeepNavy}{\bfseries 0.103} & \textcolor{
> DeepNavy}{\bfseries 0.102} & \textcolor{Maroon}{\bfseries -0.002} & \textcolo
> r{Maroon}{\bfseries 0.478} \\
\midrule
$\mathrm{cov}(X, \eta \mid j)$ & -0.016 & -0.017 & -0.030 & -0.009 \\
$R^2_j$ & 0.041 & 0.039 & 0.000 & 0.317 \\
\midrule
$\hat\beta_1$ ($t$) & \multicolumn{2}{c}{\textcolor{DeepNavy}{\bfseries -0.001 
> (-0.2)}} & \multicolumn{2}{c}{\textcolor{Maroon}{\bfseries 0.480 (95.6)}} \\
\bottomrule
\end{tabular}

. di "Done: tables/tab_basu_identity.tex"
Done: tables/tab_basu_identity.tex

. 
. 
. *****************************************************************************
> ***
. * MODULE 2: Sorting on the sign of R = X + eta tilts each half of the cloud
. *****************************************************************************
> ***
. * Week 4, Basu (1997): sorting on the sign of R = X + eta tilts each half
. *
. * Demonstrates the sample-truncation mechanism of Dietrich, Muller, and Riedl
. * (2007, Fig. 2, p. 103): when the sample is split on the sign of returns,
. * which contain the non-earnings component eta, the covariance between X and
. * eta is negative in both halves although it is zero in the full sample.
. *
. * DGP (stylized for the picture): X and eta independent standard normal,
. * N = 4,000, R = X + eta, no conservatism. The split R < 0 is the half-plane
. * eta < -X. Under unit normals the within-half covariance has the closed form
. * cov(X, eta | R < 0) = cov(X, eta | R >= 0) = -1/pi = -0.318 (from
. * R = X + eta and W = X - eta independent), which the script compares with th
> e
. * sample value at a tolerance of 0.04 (about two Monte Carlo standard errors)
> .
. * Requirements: base Stata. Output: figures/fig1_basu_truncation.png
. 
. clear all

. set seed 1997

. 
. set obs 4000
Number of observations (_N) was 0, now 4,000.

. gen X   = rnormal()

. gen eta = rnormal()

. gen R   = X + eta

. gen bad = (R < 0)

. 
. * full-sample covariance and slope of eta on X (both near zero)
. qui corr X eta, cov

. matrix C = r(C)

. scalar cfull = C[1,2]

. reg eta X

      Source |       SS           df       MS      Number of obs   =     4,000
-------------+----------------------------------   F(1, 3998)      =      0.12
       Model |  .125331306         1  .125331306   Prob > F        =    0.7276
    Residual |  4130.17278     3,998  1.03305972   R-squared       =    0.0000
-------------+----------------------------------   Adj R-squared   =   -0.0002
       Total |  4130.29811     3,999  1.03283274   Root MSE        =    1.0164

------------------------------------------------------------------------------
         eta | Coefficient  Std. err.      t    P>|t|     [95% conf. interval]
-------------+----------------------------------------------------------------
           X |  -.0055424   .0159122    -0.35   0.728    -.0367392    .0256544
       _cons |   .0454009   .0160714     2.82   0.005      .013892    .0769097
------------------------------------------------------------------------------

. scalar sfull = _b[X]

. 
. * within-half covariances, correlations, and slopes of eta on X
. forvalues j = 0/1 {
  2.     qui corr X eta if bad == `j', cov
  3.     matrix C = r(C)
  4.     scalar c`j' = C[1,2]
  5.     scalar v`j' = C[1,1]
  6.     qui corr X eta if bad == `j'
  7.     scalar rho`j' = r(rho)
  8.     reg eta X if bad == `j'
  9.     scalar s`j' = _b[X]
 10.     scalar a`j' = _b[_cons]
 11. }

      Source |       SS           df       MS      Number of obs   =     2,043
-------------+----------------------------------   F(1, 2041)      =    521.80
       Model |  302.352494         1  302.352494   Prob > F        =    0.0000
    Residual |  1182.63959     2,041  .579441248   R-squared       =    0.2036
-------------+----------------------------------   Adj R-squared   =    0.2032
       Total |  1484.99208     2,042   .72722433   Root MSE        =    .76121

------------------------------------------------------------------------------
         eta | Coefficient  Std. err.      t    P>|t|     [95% conf. interval]
-------------+----------------------------------------------------------------
           X |  -.4662127   .0204095   -22.84   0.000    -.5062383   -.4261871
       _cons |   .8681773   .0204888    42.37   0.000     .8279961    .9083585
------------------------------------------------------------------------------

      Source |       SS           df       MS      Number of obs   =     1,957
-------------+----------------------------------   F(1, 1955)      =    648.09
       Model |  336.893844         1  336.893844   Prob > F        =    0.0000
    Residual |  1016.26127     1,955  .519826736   R-squared       =    0.2490
-------------+----------------------------------   Adj R-squared   =    0.2486
       Total |  1353.15511     1,956  .691797093   Root MSE        =    .72099

------------------------------------------------------------------------------
         eta | Coefficient  Std. err.      t    P>|t|     [95% conf. interval]
-------------+----------------------------------------------------------------
           X |  -.4958405   .0194771   -25.46   0.000    -.5340386   -.4576424
       _cons |  -.8214014   .0197955   -41.49   0.000    -.8602239   -.7825789
------------------------------------------------------------------------------

. 
. di _n "Truncation checks:"

Truncation checks:

. di "  full-sample cov(X, eta)              : " %8.4f cfull
  full-sample cov(X, eta)              :  -0.0057

. di "  cov(X, eta | R >= 0)                 : " %8.4f c0 "   analytical -1/pi 
> = " %8.4f -1/_pi
  cov(X, eta | R >= 0)                 :  -0.3176   analytical -1/pi =  -0.3183

. di "  cov(X, eta | R < 0)                  : " %8.4f c1 "   analytical -1/pi 
> = " %8.4f -1/_pi
  cov(X, eta | R < 0)                  :  -0.3474   analytical -1/pi =  -0.3183

. di "  slope of eta on X, good / bad halves : " %8.4f s0 " / " %8.4f s1 "   an
> alytical -1/(pi-1) = " %8.4f -1/(_pi-1)
  slope of eta on X, good / bad halves :  -0.4662 /  -0.4958   analytical -1/(p
> i-1) =  -0.4669

. di "  corr(X, eta | R >= 0) / (R < 0)      : " %8.4f rho0 " / " %8.4f rho1
  corr(X, eta | R >= 0) / (R < 0)      :  -0.4512 /  -0.4990

. assert abs(cfull) < 0.06

. assert abs(c0 - (-1/_pi)) < 0.04

. assert abs(c1 - (-1/_pi)) < 0.04

. 
. * binned means of eta by X within each half, for the picture
. gen bin = .
(4,000 missing values generated)

. forvalues j = 0/1 {
  2.     xtile b`j' = X if bad == `j', nq(12)
  3.     replace bin = b`j' if bad == `j'
  4. }
(2,043 real changes made)
(1,957 real changes made)

. bysort bad bin: egen mX = mean(X)

. bysort bad bin: egen mE = mean(eta)

. egen tag = tag(bad bin)

. 
. local fc0 : di %5.2f c0

. local fc0 = strtrim("`fc0'")

. local fc1 : di %5.2f c1

. local fc1 = strtrim("`fc1'")

. local fs0 : di %5.2f s0

. local fs0 = strtrim("`fs0'")

. local fs1 : di %5.2f s1

. local fs1 = strtrim("`fs1'")

. local fcf : di %5.2f cfull

. local fcf = strtrim("`fcf'")

. 
. twoway (scatter eta X if bad == 0, mcolor(navy%18) msymbol(oh) msize(vsmall))
>           ///
>        (scatter eta X if bad == 1, mcolor(maroon%18) msymbol(oh) msize(vsmall
> ))        ///
>        (function y = -x, range(-3.6 3.6) lcolor(gs8) lwidth(medium))         
>            ///
>        (function y = a0 + s0*x, range(-2.6 3.4) lcolor(navy) lwidth(thick))  
>            ///
>        (function y = a1 + s1*x, range(-3.4 2.6) lcolor(maroon) lwidth(thick))
>            ///
>        (scatter mE mX if tag & bad == 0, mcolor(navy) msymbol(circle) msize(m
> edium))    ///
>        (scatter mE mX if tag & bad == 1, mcolor(maroon) msymbol(circle) msize
> (medium)), ///
>     yline(0, lcolor(gs10) lpattern(dash))                                    
>            ///
>     text(3.2 1.4 "good news, R {&ge} 0" "cov(X, {&eta}) = `fc0', slope `fs0'"
> ,           ///
>          color(navy) size(medsmall) placement(e) justification(left))        
>            ///
>     text(-3.2 -3.5 "bad news, R < 0" "cov(X, {&eta}) = `fc1', slope `fs1'",  
>             ///
>          color(maroon) size(medsmall) placement(e) justification(left))      
>            ///
>     text(1.6 -3.5 "boundary {&eta} = -X",                                    
>              ///
>          color(gs6) size(medsmall) placement(e) justification(left))         
>            ///
>     text(3.55 -1.7 "full sample: cov(X, {&eta}) = `fcf'",                    
>              ///
>          color(gs6) size(medsmall) placement(e) justification(left))         
>            ///
>     xtitle("Earnings X") ytitle("Non-earnings information {&eta}")           
>           ///
>     xlabel(-3(1)3) ylabel(-3(1)3, angle(horizontal) format(%2.0f))           
>            ///
>     title("A split on the sign of R tilts both halves of the cloud")         
>           ///
>     subtitle("Simulated data (seed 1997), N = 4,000; X, {&eta} independent st
> andard normal; R = X + {&eta}") ///
>     legend(off) scheme(s1color) xsize(9) ysize(5)

. graph export figures/fig1_basu_truncation.png, replace width(2000)
file figures/fig1_basu_truncation.png written in PNG format

. di "Done: figures/fig1_basu_truncation.png"
Done: figures/fig1_basu_truncation.png

. 
. 
. *****************************************************************************
> ***
. * MODULE 3: DMR's twelve-observation examples, recreated and mirrored
. *****************************************************************************
> ***
. * Week 4, Basu (1997): the twelve-observation examples of Dietrich, Muller,
. * and Riedl (2007, Fig. 3, pp. 105-111), recreated and extended
. *
. * Reproduces, from the printed data, the full-sample and subsample slopes of
. * the three numerical examples (Panel A: X symmetric and eta homoskedastic;
. * Panel B: eta variance rising in X; Panel C: X left-skewed) and adds the
. * mirror image of Panel C (X and eta negated), in which the two subsamples
. * swap and the Basu coefficient changes sign exactly.
. *
. * Data: R = X + eta with beta = lambda = 1 and cov(X, eta) = 0 in each panel.
. * Checks: the recreated slopes match DMR's printed 0.429, 0.813, 0.813
. * (Panel A), 0.038 and 1.917 (Panel B), 0.281 and 0.602 (Panel C) to 0.001;
. * Panel A moments 13.636, 31.818, 13.367, 10.7, 1.249, 0.651 to 0.001; the
. * mirror identities delta_1(mirror) = delta_0(C) and delta_0(mirror) =
. * delta_1(C) hold to machine precision. The ST ratio is computed with n - 1
. * for both covariance and variance (DMR fn. 17 print -0.363 with n for the
. * covariance; with consistent scaling it is -0.436 and the identity is exact)
> .
. * Requirements: base Stata. Outputs: tables/tab_basu_dmr_a.tex,
. * tables/tab_basu_dmr_bc.tex
. 
. clear all

. 
. capture program drop basupair

. program define basupair, rclass
  1.     * computes full-sample forward slope b, reverse slope delta, and the t
> wo
.     * subsample reverse slopes delta0 (R >= 0) and delta1 (R < 0) from X, eta
.     syntax varlist(min=2 max=2)
  2.     tokenize `varlist'
  3.     tempvar R tau
  4.     gen `R' = `1' + `2'
  5.     qui reg `R' `1'
  6.     return scalar b = _b[`1']
  7.     qui predict `tau', resid
  8.     qui reg `1' `R'
  9.     return scalar delta = _b[`R']
 10.     qui corr `1' `R' `2' `tau', cov
 11.     matrix C = r(C)
 12.     return scalar vXf = C[1,1]
 13.     return scalar vRf = C[2,2]
 14.     forvalues j = 0/1 {
 15.         if `j' == 0 local cond "`R' >= 0"
 16.         else local cond "`R' < 0"
 17.         qui reg `1' `R' if `cond'
 18.         return scalar delta`j' = _b[`R']
 19.         qui reg `R' `1' if `cond'
 20.         return scalar b`j' = _b[`1']
 21.         qui corr `1' `R' `2' `tau' if `cond', cov
 22.         matrix C = r(C)
 23.         return scalar vX`j' = C[1,1]
 24.         return scalar vR`j' = C[2,2]
 25.         return scalar cXeta`j' = C[1,3]
 26.         return scalar st`j' = C[1,4]/C[2,2]
 27.     }
 28. end

. 
. * ---- Panel A: X symmetric, eta homoskedastic (p. 105-107, 110) ----
. input X eta

             X        eta
  1. -4 -5
  2. -4  0
  3. -4  5
  4. -3 -5
  5. -3  0
  6. -3  5
  7.  3 -5
  8.  3  0
  9.  3  5
 10.  4 -5
 11.  4  0
 12.  4  5
 13. end

. gen R = X + eta

. assert R[1] == -9 & R[6] == 2 & R[12] == 9

. basupair X eta

. scalar A_b = r(b)

. scalar A_delta = r(delta)

. scalar A_vXf = r(vXf)

. scalar A_vRf = r(vRf)

. forvalues j = 0/1 {
  2.     scalar A_d`j' = r(delta`j')
  3.     scalar A_b`j' = r(b`j')
  4.     scalar A_ratio`j' = r(vX`j')/r(vR`j')
  5.     scalar A_vX`j' = r(vX`j')
  6.     scalar A_vR`j' = r(vR`j')
  7.     scalar A_st`j' = r(st`j')
  8.     scalar A_cx`j' = r(cXeta`j')
  9. }

. di _n "Panel A checks against DMR's printed values (tolerance 0.001):"

Panel A checks against DMR's printed values (tolerance 0.001):

. di "  full-sample forward slope 1.000 : " %6.3f A_b
  full-sample forward slope 1.000 :  1.000

. di "  full-sample s2X 13.636, s2R 31.818, ratio 0.429 : " %7.3f A_vXf " " %7.
> 3f A_vRf " " %6.3f A_vXf/A_vRf
  full-sample s2X 13.636, s2R 31.818, ratio 0.429 :  13.636  31.818  0.429

. di "  full-sample reverse slope 0.429  : " %6.3f A_delta
  full-sample reverse slope 0.429  :  0.429

. di "  subsample s2X 13.367, s2R 10.7, ratio 1.249 : " %7.3f A_vX0 " " %7.3f A
> _vR0 " " %6.3f A_ratio0
  subsample s2X 13.367, s2R 10.7, ratio 1.249 :  13.367  10.700  1.249

. di "  subsample forward slope 0.651   : " %6.3f A_b0 " " %6.3f A_b1
  subsample forward slope 0.651   :  0.651  0.651

. di "  good and bad reverse slopes 0.813, 0.813 : " %6.3f A_d0 " " %6.3f A_d1
  good and bad reverse slopes 0.813, 0.813 :  0.813  0.813

. di "  ST ratio with n-1 (-0.436; DMR print -0.363 with n) : " %6.3f A_st0 " "
>  %6.3f A_st1
  ST ratio with n-1 (-0.436; DMR print -0.363 with n) : -0.436 -0.436

. di "  subsample cov(X, eta) with n (-3.889) : " %6.3f A_cx0*5/6 " " %6.3f A_c
> x1*5/6
  subsample cov(X, eta) with n (-3.889) : -3.889 -3.889

. assert abs(A_b - 1.000) < 0.001

. assert abs(A_vXf - 13.636) < 0.001 & abs(A_vRf - 31.818) < 0.001

. assert abs(A_delta - 0.429) < 0.001

. assert abs(A_vX0 - 13.367) < 0.001 & abs(A_vR0 - 10.7) < 0.001 & abs(A_ratio0
>  - 1.249) < 0.001

. assert abs(A_b0 - 0.651) < 0.001 & abs(A_b1 - 0.651) < 0.001

. assert abs(A_d0 - 0.813) < 0.001 & abs(A_d1 - 0.813) < 0.001

. assert abs(A_d0 - A_d1) < 1e-10

. assert abs(A_d0 - (A_b*A_ratio0 + A_st0)) < 1e-10

. assert abs(A_cx0*5/6 - (-3.889)) < 0.001

. 
. * ---- Panel B: eta variance rising in X (pp. 108, 110) ----
. clear

. input X eta

             X        eta
  1. -4 -1
  2. -4  0
  3. -4  1
  4. -3 -1
  5. -3  0
  6. -3  1
  7.  3 -5
  8.  3  0
  9.  3  5
 10.  4 -5
 11.  4  0
 12.  4  5
 13. end

. gen R = X + eta

. assert R[1] == -5 & R[9] == 8 & R[12] == 9

. basupair X eta

. scalar B_d0 = r(delta0)

. scalar B_d1 = r(delta1)

. di _n "Panel B checks: good 0.038, bad 1.917 : " %6.3f B_d0 " " %6.3f B_d1

Panel B checks: good 0.038, bad 1.917 :  0.038  1.917

. assert abs(B_d0 - 0.038) < 0.001 & abs(B_d1 - 1.917) < 0.001

. 
. * ---- Panel C: X left-skewed (pp. 109, 111) ----
. clear

. input X eta

             X        eta
  1. -6 -5
  2. -6  0
  3. -6  5
  4. -1 -5
  5. -1  0
  6. -1  5
  7.  3 -5
  8.  3  0
  9.  3  5
 10.  4 -5
 11.  4  0
 12.  4  5
 13. end

. gen R = X + eta

. assert R[1] == -11 & R[6] == 4 & R[12] == 9

. basupair X eta

. scalar C_d0 = r(delta0)

. scalar C_d1 = r(delta1)

. di _n "Panel C checks: good 0.281, bad 0.602 : " %6.3f C_d0 " " %6.3f C_d1

Panel C checks: good 0.281, bad 0.602 :  0.281  0.602

. assert abs(C_d0 - 0.281) < 0.001 & abs(C_d1 - 0.602) < 0.001

. 
. * ---- Mirror of Panel C: X right-skewed (negate X and eta) ----
. gen Xm = -X

. gen etam = -eta

. basupair Xm etam

. scalar M_d0 = r(delta0)

. scalar M_d1 = r(delta1)

. di _n "Mirror identity checks (should be zero to machine precision):"

Mirror identity checks (should be zero to machine precision):

. di "  delta_1(mirror) minus delta_0(C) : " %10.6f (M_d1 - C_d0)
  delta_1(mirror) minus delta_0(C) :   0.000000

. di "  delta_0(mirror) minus delta_1(C) : " %10.6f (M_d0 - C_d1)
  delta_0(mirror) minus delta_1(C) :   0.000000

. assert abs(M_d1 - C_d0) < 1e-10

. assert abs(M_d0 - C_d1) < 1e-10

. 
. * ---- numbers that travel to the slides ----
. foreach s in A_b A_delta A_b0 A_ratio0 A_st0 A_d0 B_d0 B_d1 C_d0 C_d1 M_d0 M_
> d1 {
  2.     local f`s' : di %6.3f `s'
  3.     local f`s' = strtrim("`f`s''")
  4. }

. local fAratiof : di %6.3f A_vXf/A_vRf

. local fAratiof = strtrim("`fAratiof'")

. * differences computed from the slopes as printed (three decimals), so that
. * the table's columns add up as displayed
. local fBdiff : di %6.3f round(B_d1, 0.001) - round(B_d0, 0.001)

. local fBdiff = strtrim("`fBdiff'")

. local fCdiff : di %6.3f round(C_d1, 0.001) - round(C_d0, 0.001)

. local fCdiff = strtrim("`fCdiff'")

. local fMdiff : di %6.3f round(M_d1, 0.001) - round(M_d0, 0.001)

. local fMdiff = strtrim("`fMdiff'")

. 
. * Panel A: the components of the full-sample and subsample slopes
. file open tab using tables/tab_basu_dmr_a.tex, write replace

. file write tab "\begin{tabular}{@{}lccc@{}}" _n

. file write tab "\toprule" _n

. file write tab " & Full sample & Good, \$R \ge 0\$ & Bad, \$R < 0\$ \\" _n

. file write tab "\midrule" _n

. file write tab "Full-sample forward slope \$\hat b\$ & `fA_b' & `fA_b' & `fA_
> b' \\" _n

. file write tab "Variance ratio \$s^2_X/s^2_R\$ & `fAratiof' & `fA_ratio0' & `
> fA_ratio0' \\" _n

. file write tab "ST term \$s_{X\tau}/s^2_R\$ & 0.000 & `fA_st0' & `fA_st0' \\"
>  _n

. file write tab "Basu slope \$\hat\delta = \hat b \times \text{ratio} + \text{
> ST}\$ & `fA_delta' & \textcolor{DeepNavy}{\bfseries `fA_d0'} & \textcolor{Dee
> pNavy}{\bfseries `fA_d0'} \\" _n

. file write tab "\midrule" _n

. file write tab "Subsample forward slope \$\hat b_j\$ (\$\hat\delta_j = \hat b
> _j \times \text{ratio}_j\$) & `fA_b' & `fA_b0' & `fA_b0' \\" _n

. file write tab "\bottomrule" _n

. file write tab "\end{tabular}" _n

. file close tab

. type tables/tab_basu_dmr_a.tex
\begin{tabular}{@{}lccc@{}}
\toprule
 & Full sample & Good, $R \ge 0$ & Bad, $R < 0$ \\
\midrule
Full-sample forward slope $\hat b$ & 1.000 & 1.000 & 1.000 \\
Variance ratio $s^2_X/s^2_R$ & 0.429 & 1.249 & 1.249 \\
ST term $s_{X\tau}/s^2_R$ & 0.000 & -0.436 & -0.436 \\
Basu slope $\hat\delta = \hat b \times \text{ratio} + \text{ST}$ & 0.429 & \tex
> tcolor{DeepNavy}{\bfseries 0.813} & \textcolor{DeepNavy}{\bfseries 0.813} \\
\midrule
Subsample forward slope $\hat b_j$ ($\hat\delta_j = \hat b_j \times \text{ratio
> }_j$) & 1.000 & 0.651 & 0.651 \\
\bottomrule
\end{tabular}

. di "Done: tables/tab_basu_dmr_a.tex"
Done: tables/tab_basu_dmr_a.tex

. 
. * Panels B, C, and the mirror of C
. file open tab using tables/tab_basu_dmr_bc.tex, write replace

. file write tab "\begin{tabular}{@{}lccc@{}}" _n

. file write tab "\toprule" _n

. file write tab "Twelve observations, \$R = X + \eta\$ & Good \$\hat\delta_0\$
>  & Bad \$\hat\delta_1\$ & \$\hat\beta_1 = \hat\delta_1 - \hat\delta_0\$ \\" _
> n

. file write tab "\midrule" _n

. file write tab "A: \$X\$ symmetric, \$\eta\$ homoskedastic & `fA_d0' & `fA_d0
> ' & 0.000 \\" _n

. file write tab "B: variance of \$\eta\$ rising in \$X\$ & `fB_d0' & `fB_d1' &
>  \textcolor{Maroon}{\bfseries `fBdiff'} \\" _n

. file write tab "C: \$X\$ left-skewed & `fC_d0' & `fC_d1' & \textcolor{Maroon}
> {\bfseries `fCdiff'} \\" _n

. file write tab "Mirror of C: \$X\$ right-skewed, as per-share earnings (DMR f
> n.~18) & `fM_d0' & `fM_d1' & \textcolor{DeepNavy}{\bfseries `fMdiff'} \\" _n

. file write tab "\bottomrule" _n

. file write tab "\end{tabular}" _n

. file close tab

. type tables/tab_basu_dmr_bc.tex
\begin{tabular}{@{}lccc@{}}
\toprule
Twelve observations, $R = X + \eta$ & Good $\hat\delta_0$ & Bad $\hat\delta_1$ 
> & $\hat\beta_1 = \hat\delta_1 - \hat\delta_0$ \\
\midrule
A: $X$ symmetric, $\eta$ homoskedastic & 0.813 & 0.813 & 0.000 \\
B: variance of $\eta$ rising in $X$ & 0.038 & 1.917 & \textcolor{Maroon}{\bfser
> ies 1.879} \\
C: $X$ left-skewed & 0.281 & 0.602 & \textcolor{Maroon}{\bfseries 0.321} \\
Mirror of C: $X$ right-skewed, as per-share earnings (DMR fn.~18) & 0.602 & 0.2
> 81 & \textcolor{DeepNavy}{\bfseries -0.321} \\
\bottomrule
\end{tabular}

. di "Done: tables/tab_basu_dmr_bc.tex"
Done: tables/tab_basu_dmr_bc.tex

. 
. 
. *****************************************************************************
> ***
. * MODULE 4: DMR Table 2, recreated: the placebo return
. *****************************************************************************
> ***
. * Week 4, Basu (1997): the placebo return of Dietrich, Muller, and Riedl
. * (2007, Table 2, p. 114), recreated
. *
. * Plots the "bad" and "good" news slopes from three columns of DMR Table 2:
. * (1) Basu (1997) Table 2, 1963-1990; (2) DMR's replication on actual returns
> ,
. * 1963-1990; (3) the same sample with simulated returns built from the
. * full-sample forward regression and another firm's residual, so that the
. * return carries no firm-specific asymmetric timeliness. Panels D and E of th
> e
. * table decompose each subsample slope as full-sample forward slope + SVR bia
> s
. * + ST bias; the script asserts that arithmetic to 0.0015 for columns (2) and
. * (3) (column (4) rounds to 0.250 and -0.015 against the printed 0.251 and
. * -0.016, DMR extraction flag 4).
. * Numbers are typed from the extraction (Table 2, p. 114): no simulation.
. * Requirements: base Stata. Output: figures/fig3_basu_table2.png
. 
. clear all

. 
. input str32 column grp bad good full svrbad stbad svrgood stgood

                               column        grp        bad       good       fu
> ll     svrbad      stbad    svrgood     stgood
  1. "Basu (1997) Table 2"        1 0.222 0.061 0.846 . . . .
  2. "DMR, actual returns"        2 0.284 0.025 0.852 -0.055 -0.513 -0.768 -0.0
> 59
  3. "DMR, simulated returns"     3 0.493 0.009 0.879 -0.002 -0.384 -0.814 -0.0
> 56
  4. end

. 
. di _n "DMR Table 2 decomposition checks (full + SVR + ST minus subsample slop
> e, within 0.0015):"

DMR Table 2 decomposition checks (full + SVR + ST minus subsample slope, within
>  0.0015):

. forvalues i = 2/3 {
  2.     di "  " column[`i'] ": bad  " %7.4f (full[`i'] + svrbad[`i'] + stbad[`
> i'] - bad[`i']) ///
>        "   good " %7.4f (full[`i'] + svrgood[`i'] + stgood[`i'] - good[`i'])
  3.     assert abs(full[`i'] + svrbad[`i'] + stbad[`i'] - bad[`i']) < 0.0015
  4.     assert abs(full[`i'] + svrgood[`i'] + stgood[`i'] - good[`i']) < 0.001
> 5
  5. }
  DMR, actual returns: bad  -0.0000   good -0.0000
  DMR, simulated returns: bad   0.0000   good -0.0000

. di "  Basu Table 2, XE: 0.061 + 0.161 = " %6.3f (0.061 + 0.161) " (bad-news s
> lope 0.222)"
  Basu Table 2, XE: 0.061 + 0.161 =  0.222 (bad-news slope 0.222)

. assert abs(0.061 + 0.161 - bad[1]) < 0.0015

. 
. * Like with like: the asymmetric timeliness coefficient beta1 is the bad-news
. * slope minus the good-news slope in each column, which is the quantity to se
> t
. * beside Basu's own beta1 (Basu Table 1 Panel A: 0.216; Basu Table 2, XE: 0.1
> 61).
. * Slope ratios (Basu's 4.66 and 3.64) are a different quantity and are not
. * compared with a simulated coefficient.
. di _n "Asymmetric timeliness coefficient beta1 = bad-news slope minus good-ne
> ws slope:"

Asymmetric timeliness coefficient beta1 = bad-news slope minus good-news slope:

. forvalues i = 1/3 {
  2.     di "  " column[`i'] ": " %5.3f bad[`i'] " - " %5.3f good[`i'] " = " %6
> .3f (bad[`i'] - good[`i'])
  3. }
  Basu (1997) Table 2: 0.222 - 0.061 =  0.161
  DMR, actual returns: 0.284 - 0.025 =  0.259
  DMR, simulated returns: 0.493 - 0.009 =  0.484

. di "  Basu Table 1 Panel A (printed beta1): 0.216;  Basu Table 2, XE (printed
>  beta1): 0.161"
  Basu Table 1 Panel A (printed beta1): 0.216;  Basu Table 2, XE (printed beta1
> ): 0.161

. assert abs((bad[1] - good[1]) - 0.161) < 0.0015

. assert (bad[3] - good[3]) > 0.216

. 
. gen xb = grp - 0.19

. gen xg = grp + 0.19

. gen lb = string(bad, "%5.3f")

. gen lg = string(good, "%5.3f")

. gen yb = bad + 0.02

. gen yg = good + 0.02

. 
. twoway (bar bad xb, barwidth(0.36) color(maroon))                            
>             ///
>        (bar good xg, barwidth(0.36) color(navy))                             
>              ///
>        (scatter yb xb, msymbol(none) mlabel(lb) mlabposition(12) mlabcolor(ma
> roon) mlabsize(medsmall)) ///
>        (scatter yg xg, msymbol(none) mlabel(lg) mlabposition(12) mlabcolor(na
> vy) mlabsize(medsmall)), ///
>     xlabel(1 "Basu (1997) Table 2" 2 "DMR replication, actual returns" 3 "DMR
> , returns rebuilt with no asymmetry", labsize(small)) ///
>     xscale(range(0.5 3.5)) yscale(range(0 0.58))                             
>              ///
>     ylabel(0(0.1)0.5, angle(horizontal) format(%3.1f))                       
>              ///
>     ytitle("Slope of scaled earnings on returns") xtitle("")                 
>              ///
>     title("Returns built with no asymmetry reproduce the gap")               
>              ///
>     subtitle("Recreated from Dietrich, Muller, and Riedl (2007), Table 2, col
> umns (1) to (3), 1963-1990") ///
>     legend(order(1 "bad news, R < 0" 2 "good news, R {&ge} 0") ring(0) positi
> on(11)       ///
>            cols(1) size(medsmall) region(lstyle(none)))                      
>              ///
>     scheme(s1color) xsize(9) ysize(5)

. graph export figures/fig3_basu_table2.png, replace width(2000)
file figures/fig3_basu_table2.png written in PNG format

. di "Done: figures/fig3_basu_table2.png"
Done: figures/fig3_basu_table2.png

. 
. 
. *****************************************************************************
> ***
. * MODULE 5: The Basu coefficient under the null across eight designs
. *****************************************************************************
> ***
. * Week 4, Basu (1997): the sampling distribution of the asymmetric timeliness
. * coefficient when the true asymmetry is zero, across eight designs
. *
. * Demonstrates that under the null of no conservatism the Basu interaction
. * coefficient beta1 = delta_1 - delta_0 is centered at zero only when
. * Dietrich, Muller, and Riedl's (2007, pp. 104-105) sufficient conditions hol
> d,
. * and otherwise takes a sign and a magnitude set by the joint distribution of
. * earnings and non-earnings information and by the location of the split.
. *
. * DGP (DMR eq. 1.1, beta = lambda = 1, cov(X, eta) = 0): R = X + eta, moments
. * calibrated to DMR Table 1: sd(X) = 0.17, sd(eta) = 0.497 (var(R) = 0.276).
. * Eight designs, 1,000 replications of N = 2,000 each, split at R = 0:
. *   A  X, eta symmetric normal, mean zero (split at the mean; conditions hold
> )
. *   B  eta right-skewed: standardized chi-square(2), mean 0 (returns' right t
> ail)
. *   C  X left-skewed: minus a standardized chi-square(2) (earnings' left tail
> )
. *   D  X right-skewed (per-share earnings; DMR Table 3 Panel D, fn. 18)
. *   E  eta heteroskedastic: sd(eta | X) = 0.497 sqrt(2 Phi(X/0.17)), rising i
> n X
. *   F  X, eta normal with mean X = 0.063, mean eta = 0.101, so the mean of R 
> is
. *      0.164 as in DMR Table 1 and the split at zero is off the mean; under j
> oint
. *      normality E[X | R] is linear, so no bias is expected whatever the spli
> t
. *   G  X, eta symmetric Laplace with the same means, split at zero: symmetric
. *      but non-normal data split away from the mean
. *   H  DMR Table 1's shape: X left-skewed with mean 0.063, eta right-skewed w
> ith
. *      mean 0.101, split at zero
. * Each replication records the two subsample slopes, beta1 and its t-statisti
> c
. * from the stacked regression, and the two subsample R2s.
. * Checks: designs A and F mean beta1 within 0.01 of zero (about three Monte
. * Carlo standard errors); design D mean beta1 equals minus design C mean with
> in
. * 0.01 (mirror).
. * Requirements: base Stata. Runtime about two minutes.
. * Outputs: figures/fig2_basu_designs.png, tables/tab_basu_montecarlo.tex
. 
. clear all

. set seed 1997

. 
. local reps = 1000

. local N    = 2000

. 
. tempname sims

. postfile `sims' str1 design rep d0 d1 phi1 t1 r2b r2g using mc_basu_results, 
> replace
(file mc_basu_results.dta not found)

. foreach d in A B C D E F G H {
  2.     forvalues r = 1/`reps' {
  3.         quietly {
  4.             clear
  5.             set obs `N'
  6.             if "`d'" == "A" {
  7.                 gen X   = 0.17*rnormal()
  8.                 gen eta = 0.497*rnormal()
  9.             }
 10.             if "`d'" == "B" {
 11.                 gen X   = 0.17*rnormal()
 12.                 gen eta = 0.497*(rchi2(2) - 2)/2
 13.             }
 14.             if "`d'" == "C" {
 15.                 gen X   = -0.17*(rchi2(2) - 2)/2
 16.                 gen eta = 0.497*rnormal()
 17.             }
 18.             if "`d'" == "D" {
 19.                 gen X   = 0.17*(rchi2(2) - 2)/2
 20.                 gen eta = 0.497*rnormal()
 21.             }
 22.             if "`d'" == "E" {
 23.                 gen X   = 0.17*rnormal()
 24.                 gen eta = 0.497*rnormal()*sqrt(2*normal(X/0.17))
 25.             }
 26.             if "`d'" == "F" {
 27.                 gen X   = 0.063 + 0.17*rnormal()
 28.                 gen eta = 0.101 + 0.497*rnormal()
 29.             }
 30.             if "`d'" == "G" {
 31.                 gen X   = 0.063 + 0.17*(-ln(runiform()) + ln(runiform()))/
> sqrt(2)
 32.                 gen eta = 0.101 + 0.497*(-ln(runiform()) + ln(runiform()))
> /sqrt(2)
 33.             }
 34.             if "`d'" == "H" {
 35.                 gen X   = 0.063 - 0.17*(rchi2(2) - 2)/2
 36.                 gen eta = 0.101 + 0.497*(rchi2(2) - 2)/2
 37.             }
 38.             gen R   = X + eta
 39.             gen DR  = (R < 0)
 40.             gen RDR = R*DR
 41.             reg X DR R RDR
 42.             local phi1 = _b[RDR]
 43.             local t1   = _b[RDR]/_se[RDR]
 44.             reg X R if R >= 0
 45.             local d0  = _b[R]
 46.             local r2g = e(r2)
 47.             reg X R if R < 0
 48.             local d1  = _b[R]
 49.             local r2b = e(r2)
 50.             post `sims' ("`d'") (`r') (`d0') (`d1') (`phi1') (`t1') (`r2b'
> ) (`r2g')
 51.         }
 52.     }
 53. }

. postclose `sims'

. 
. use mc_basu_results, clear

. gen rej    = abs(t1) > 1.96

. gen r2diff = r2b - r2g

. gen lo = .
(8,000 missing values generated)

. gen hi = .
(8,000 missing values generated)

. foreach d in A B C D E F G H {
  2.     _pctile phi1 if design == "`d'", p(2.5 97.5)
  3.     replace lo = r(r1) if design == "`d'"
  4.     replace hi = r(r2) if design == "`d'"
  5. }
(1,000 real changes made)
(1,000 real changes made)
(1,000 real changes made)
(1,000 real changes made)
(1,000 real changes made)
(1,000 real changes made)
(1,000 real changes made)
(1,000 real changes made)
(1,000 real changes made)
(1,000 real changes made)
(1,000 real changes made)
(1,000 real changes made)
(1,000 real changes made)
(1,000 real changes made)
(1,000 real changes made)
(1,000 real changes made)

. collapse (mean) d0 d1 phi1 t1 rej r2diff lo hi (sd) sd_phi1 = phi1, by(design
> )

. di _n "Monte Carlo summary by design (`reps' replications of N = `N', true be
> ta1 = 0):"

Monte Carlo summary by design (1000 replications of N = 2000, true beta1 = 0):

. format d0 d1 phi1 t1 rej r2diff sd_phi1 lo hi %8.3f

. list design d0 d1 phi1 sd_phi1 lo hi t1 rej r2diff, clean noobs

    design       d0       d1     phi1   sd_phi1       lo       hi        t1    
>  rej   r2diff  
         A    0.104    0.106    0.001     0.023   -0.043    0.048     0.059   0
> .056    0.001  
         B    0.000    0.483    0.482     0.023    0.437    0.527    19.444   1
> .000    0.323  
         C    0.054    0.177    0.123     0.027    0.071    0.178     5.455   0
> .997    0.066  
         D    0.174    0.054   -0.120     0.028   -0.175   -0.069    -5.338   0
> .998   -0.064  
         E    0.152   -0.105   -0.256     0.019   -0.294   -0.220   -11.944   1
> .000   -0.130  
         F    0.105    0.105   -0.000     0.024   -0.046    0.047    -0.011   0
> .048   -0.014  
         G    0.092    0.040   -0.052     0.025   -0.099   -0.002    -2.479   0
> .660   -0.040  
         H   -0.000    0.821    0.821     0.026    0.772    0.869    32.793   1
> .000    0.551  

. 
. * ---- checks ----
. qui su phi1 if design == "A"

. scalar mA = r(mean)

. qui su sd_phi1 if design == "A"

. scalar seA = r(mean)/sqrt(`reps')

. qui su phi1 if design == "F"

. scalar mF = r(mean)

. qui su phi1 if design == "C"

. scalar mC = r(mean)

. qui su phi1 if design == "D"

. scalar mD = r(mean)

. di _n "Monte Carlo checks:"

Monte Carlo checks:

. di "  design A mean beta1 (should be within 0.01 of zero; MC s.e. " %6.4f seA
>  "): " %8.4f mA
  design A mean beta1 (should be within 0.01 of zero; MC s.e. 0.0007):   0.0014

. di "  design F mean beta1 (normal, split off the mean; within 0.01 of zero)  
> : " %8.4f mF
  design F mean beta1 (normal, split off the mean; within 0.01 of zero)  :  -0.
> 0003

. di "  design D mean beta1 plus design C mean beta1 (mirror; within 0.01)     
> : " %8.4f (mD + mC)
  design D mean beta1 plus design C mean beta1 (mirror; within 0.01)     :   0.
> 0026

. assert abs(mA) < 0.01

. assert abs(mF) < 0.01

. assert abs(mD + mC) < 0.01

. 
. * ---- table fragment ----
. gen ypos = .
(8 missing values generated)

. replace ypos = 8 if design == "A"
(1 real change made)

. replace ypos = 7 if design == "B"
(1 real change made)

. replace ypos = 6 if design == "C"
(1 real change made)

. replace ypos = 5 if design == "D"
(1 real change made)

. replace ypos = 4 if design == "E"
(1 real change made)

. replace ypos = 3 if design == "F"
(1 real change made)

. replace ypos = 2 if design == "G"
(1 real change made)

. replace ypos = 1 if design == "H"
(1 real change made)

. sort ypos

. gen rejlab = string(100*rej, "%3.0f") + "% reject"

. 
. file open tab using tables/tab_basu_montecarlo.tex, write replace

. file write tab "\begin{tabular}{@{}lcccc@{}}" _n

. file write tab "\toprule" _n

. file write tab "Design (true \$\beta_1 = 0\$) & Mean \$\hat\beta_1\$ & 2.5th,
>  97.5th pct. & Reject at 5\% & Mean \$R^2_{\mathrm{bad}} - R^2_{\mathrm{good}
> }\$ \\" _n

. file write tab "\midrule" _n

. gsort -ypos

. local texlab1 "A: normal, split at the mean"

. local texlab2 "B: \(\eta\) right-skewed"

. local texlab3 "C: \(X\) left-skewed"

. local texlab4 "D: \(X\) right-skewed"

. local texlab5 "E: \(\mathrm{var}(\eta)\) rising in \(X\)"

. local texlab6 "F: normal, split at 0, mean \(R\) = 0.16"

. local texlab7 "G: heavy-tailed, split at 0, mean \(R\) = 0.16"

. local texlab8 "H: DMR Table 1 shape, split at 0"

. forvalues i = 1/8 {
  2.     local m  : di %6.3f phi1[`i']
  3.     local m  = strtrim("`m'")
  4.     if abs(phi1[`i']) < 0.0005 local m "0.000"
  5.     local l  : di %6.3f lo[`i']
  6.     local l  = strtrim("`l'")
  7.     local h  : di %6.3f hi[`i']
  8.     local h  = strtrim("`h'")
  9.     local rj : di %3.0f 100*rej[`i']
 10.     local rj = strtrim("`rj'")
 11.     local r2 : di %6.3f r2diff[`i']
 12.     local r2 = strtrim("`r2'")
 13.     if `i' == 1 | `i' == 6 local cell "`m'"
 14.     else if phi1[`i'] > 0 local cell "\textcolor{Maroon}{\bfseries `m'}"
 15.     else local cell "\textcolor{DeepNavy}{\bfseries `m'}"
 16.     file write tab "`texlab`i'' & `cell' & `l', `h' & `rj'\% & `r2' \\" _n
 17. }

. file write tab "\bottomrule" _n

. file write tab "\end{tabular}" _n

. file close tab

. type tables/tab_basu_montecarlo.tex
\begin{tabular}{@{}lcccc@{}}
\toprule
Design (true $\beta_1 = 0$) & Mean $\hat\beta_1$ & 2.5th, 97.5th pct. & Reject 
> at 5\% & Mean $R^2_{\mathrm{bad}} - R^2_{\mathrm{good}}$ \\
\midrule
A: normal, split at the mean & 0.001 & -0.043, 0.048 & 6\% & 0.001 \\
B: \(\eta\) right-skewed & \textcolor{Maroon}{\bfseries 0.482} & 0.437, 0.527 &
>  100\% & 0.323 \\
C: \(X\) left-skewed & \textcolor{Maroon}{\bfseries 0.123} & 0.071, 0.178 & 100
> \% & 0.066 \\
D: \(X\) right-skewed & \textcolor{DeepNavy}{\bfseries -0.120} & -0.175, -0.069
>  & 100\% & -0.064 \\
E: \(\mathrm{var}(\eta)\) rising in \(X\) & \textcolor{DeepNavy}{\bfseries -0.2
> 56} & -0.294, -0.220 & 100\% & -0.130 \\
F: normal, split at 0, mean \(R\) = 0.16 & 0.000 & -0.046, 0.047 & 5\% & -0.014
>  \\
G: heavy-tailed, split at 0, mean \(R\) = 0.16 & \textcolor{DeepNavy}{\bfseries
>  -0.052} & -0.099, -0.002 & 66\% & -0.040 \\
H: DMR Table 1 shape, split at 0 & \textcolor{Maroon}{\bfseries 0.821} & 0.772,
>  0.869 & 100\% & 0.551 \\
\bottomrule
\end{tabular}

. di "Done: tables/tab_basu_montecarlo.tex"
Done: tables/tab_basu_montecarlo.tex

. 
. * ---- figure: mean and 2.5th to 97.5th percentile band by design ----
. gen xlab = cond(hi > 0, hi + 0.03, 0.03)

. twoway (rcap lo hi ypos, horizontal lcolor(gs8) lwidth(medthick) msize(medium
> ))         ///
>        (scatter ypos phi1 if phi1 >= 0.01, mcolor(maroon) msymbol(circle) msi
> ze(large)) ///
>        (scatter ypos phi1 if phi1 <= -0.01, mcolor(navy) msymbol(circle) msiz
> e(large)) ///
>        (scatter ypos phi1 if abs(phi1) < 0.01, mcolor(gs6) msymbol(circle) ms
> ize(large)) ///
>        (scatter ypos xlab, msymbol(none) mlabel(rejlab) mlabcolor(gs6) mlabsi
> ze(small) mlabposition(3)), ///
>     xline(0, lcolor(gs8) lpattern(dash))                                     
>             ///
>     ylabel(8 "A: normal, split at the mean" 7 "B: {&eta} right-skewed"       
>             ///
>            6 "C: X left-skewed" 5 "D: X right-skewed" 4 "E: var({&eta}) risin
> g in X"       ///
>            3 "F: normal, split at 0, mean R = 0.16" 2 "G: heavy-tailed, same 
> split"        ///
>            1 "H: DMR Table 1 shape, split at 0",                             
>                  ///
>            angle(horizontal) labsize(small) nogrid)                          
>             ///
>     ytitle("") xtitle("Estimated asymmetric timeliness coefficient, true valu
> e 0")     ///
>     xlabel(-0.4(0.2)1.0, format(%3.1f)) xscale(range(-0.55 1.2))             
>             ///
>     yscale(range(0.35 8.5))                                                  
>             ///
>     text(0.55 0.03 "positive: read as conservative", color(maroon) size(small
> ) placement(e)) ///
>     text(0.55 -0.03 "negative: read as aggressive", color(navy) size(small) p
> lacement(w)) ///
>     title("Under the null the coefficient takes either sign")                
>            ///
>     subtitle("1,000 samples of N = 2,000 (seed 1997); bars: 2.5th to 97.5th p
> ercentiles") ///
>     legend(off) scheme(s1color) xsize(9) ysize(5)

. graph export figures/fig2_basu_designs.png, replace width(2000)
file figures/fig2_basu_designs.png written in PNG format

. di "Done: figures/fig2_basu_designs.png"
Done: figures/fig2_basu_designs.png

. erase mc_basu_results.dta

. 
. log close
      name:  <unnamed>
       log:  /Users/sambonsall/Library/CloudStorage/OneDrive-ThePennsylvaniaSta
> teUniversity/ACCTG 597A/acctg597a-research-design/week04-basu-asymmetric-time
> liness/basu_asymmetric_timeliness.log
  log type:  text
 closed on:  14 Sep 2026, 07:15:58
-------------------------------------------------------------------------------
