-------------------------------------------------------------------------------
      name:  <unnamed>
       log:  /Users/sambonsall/Library/CloudStorage/OneDrive-ThePennsylvaniaSta
> teUniversity/ACCTG 597A/acctg597a-research-design/week04-bll-r2-incomparabili
> ty/bll_r2_incomparability.log
  log type:  text
 opened on:  13 Sep 2026, 22:55:44

. capture mkdir figures

. capture mkdir tables

. 
. 
. *****************************************************************************
> ***
. * MODULE 1: two samples, one relation, two R2s (Gu 2007)
. * DGP. Sample 1: x ~ N(2, 1). Sample 2: x ~ N(2, 3). Both: y = x + e, e ~ N(0
> , 1).
. * N = 100,000 per sample. Population R2 = sigma_x^2/(sigma_x^2 + 1): 0.50 and
>  0.75.
. * Identity checks (asserted to 1e-6): SST = b^2 Sxx + SSE; R2 = b^2 s2x/(b^2 
> s2x + s2e).
. * Monte Carlo check (tolerance 0.02): R2 within 0.02 of the population value.
. *****************************************************************************
> ***
. clear all

. set seed 1999

. 
. local N    = 100000

. local beta = 1

. local sige = 1

. 
. forvalues k = 1/2 {
  2.     clear
  3.     set obs `N'
  4.     if `k' == 1 local sdx = 1
  5.     if `k' == 2 local sdx = sqrt(3)
  6.     gen x = 2 + `sdx'*rnormal()
  7.     gen e = `sige'*rnormal()
  8.     gen y = `beta'*x + e
  9.     quietly reg y x
 10.     scalar b`k'   = _b[x]
 11.     scalar se`k'  = _se[x]
 12.     scalar r2_`k' = e(r2)
 13.     scalar sse`k' = e(rss)
 14.     scalar sst`k' = e(mss) + e(rss)
 15.     scalar sde`k' = sqrt(e(rss)/(e(N) - 2))
 16.     scalar s2e`k' = e(rss)/(e(N) - 1)
 17.     quietly summarize x
 18.     scalar sxx`k' = r(Var)*(r(N) - 1)
 19.     scalar s2x`k' = r(Var)
 20.     scalar sdx`k' = r(sd)
 21.     scalar pop`k' = (`beta'^2*`sdx'^2)/(`beta'^2*`sdx'^2 + `sige'^2)
 22. }
Number of observations (_N) was 0, now 100,000.
Number of observations (_N) was 0, now 100,000.

. 
. di _n "Module 1 identity checks (should be zero to machine precision):"

Module 1 identity checks (should be zero to machine precision):

. forvalues k = 1/2 {
  2.     di "  Sample `k': [SST - (b^2 Sxx + SSE)]/SST       : " %12.8f ((sst`k
> ' - (b`k'^2*sxx`k' + sse`k'))/sst`k')
  3.     di "  Sample `k': R2 - b^2 s2x/(b^2 s2x + s2e)      : " %12.8f (r2_`k'
>  - b`k'^2*s2x`k'/(b`k'^2*s2x`k' + s2e`k'))
  4.     assert abs((sst`k' - (b`k'^2*sxx`k' + sse`k'))/sst`k') < 1e-6
  5.     assert abs(r2_`k' - b`k'^2*s2x`k'/(b`k'^2*s2x`k' + s2e`k')) < 1e-6
  6. }
  Sample 1: [SST - (b^2 Sxx + SSE)]/SST       :  -0.00000000
  Sample 1: R2 - b^2 s2x/(b^2 s2x + s2e)      :  -0.00000000
  Sample 2: [SST - (b^2 Sxx + SSE)]/SST       :   0.00000000
  Sample 2: R2 - b^2 s2x/(b^2 s2x + s2e)      :   0.00000000

. di _n "Module 1 Monte Carlo checks (tolerance 0.02):"

Module 1 Monte Carlo checks (tolerance 0.02):

. forvalues k = 1/2 {
  2.     di "  Sample `k': betahat = " %6.4f b`k' "  resid s.d. = " %6.4f sde`k
> ' ///
>        "  s.d.(x) = " %6.4f sdx`k' "  R2 = " %6.4f r2_`k' "  population R2 = 
> " %6.4f pop`k'
  3.     assert abs(r2_`k' - pop`k') < 0.02
  4. }
  Sample 1: betahat = 0.9986  resid s.d. = 0.9997  s.d.(x) = 1.0020  R2 = 0.500
> 4  population R2 = 0.5000
  Sample 2: betahat = 0.9996  resid s.d. = 1.0023  s.d.(x) = 1.7362  R2 = 0.749
> 9  population R2 = 0.7500

. 
. forvalues k = 1/2 {
  2.     local fb`k'   : di %4.2f b`k'
  3.     local fb`k'   = strtrim("`fb`k''")
  4.     local fse`k'  : di %5.3f se`k'
  5.     local fse`k'  = strtrim("`fse`k''")
  6.     local fsde`k' : di %4.2f sde`k'
  7.     local fsde`k' = strtrim("`fsde`k''")
  8.     local fsdx`k' : di %4.2f sdx`k'
  9.     local fsdx`k' = strtrim("`fsdx`k''")
 10.     local fr2`k'  : di %4.2f r2_`k'
 11.     local fr2`k'  = strtrim("`fr2`k''")
 12.     local fpop`k' : di %4.2f pop`k'
 13.     local fpop`k' = strtrim("`fpop`k''")
 14. }

. 
. file open tab using tables/tab_twosample.tex, write replace
(file tables/tab_twosample.tex not found)

. file write tab "\begin{tabular}{@{}lcc@{}}" _n

. file write tab "\toprule" _n

. file write tab " & Sample 1 & Sample 2 \\" _n

. file write tab "\midrule" _n

. file write tab "\$\hat\beta\$ (s.e.) & `fb1' (`fse1') & `fb2' (`fse2') \\" _n

. file write tab "\$\hat\sigma_\varepsilon\$ (residual s.d.) & \textcolor{DeepN
> avy}{\bfseries `fsde1'} & \textcolor{DeepNavy}{\bfseries `fsde2'} \\" _n

. file write tab "\$\hat\sigma_x\$ & `fsdx1' & `fsdx2' \\" _n

. file write tab "\midrule" _n

. file write tab "\$R^2\$ & \textcolor{Maroon}{\bfseries `fr21'} & \textcolor{M
> aroon}{\bfseries `fr22'} \\" _n

. file write tab "plim \$R^2\$ & `fpop1' & `fpop2' \\" _n

. file write tab "\bottomrule" _n

. file write tab "\end{tabular}" _n

. file close tab

. type tables/tab_twosample.tex
\begin{tabular}{@{}lcc@{}}
\toprule
 & Sample 1 & Sample 2 \\
\midrule
$\hat\beta$ (s.e.) & 1.00 (0.003) & 1.00 (0.002) \\
$\hat\sigma_\varepsilon$ (residual s.d.) & \textcolor{DeepNavy}{\bfseries 1.00}
>  & \textcolor{DeepNavy}{\bfseries 1.00} \\
$\hat\sigma_x$ & 1.00 & 1.74 \\
\midrule
$R^2$ & \textcolor{Maroon}{\bfseries 0.50} & \textcolor{Maroon}{\bfseries 0.75}
>  \\
plim $R^2$ & 0.50 & 0.75 \\
\bottomrule
\end{tabular}

. di "Done: tables/tab_twosample.tex"
Done: tables/tab_twosample.tex

. 
. 
. *****************************************************************************
> ***
. * MODULE 2: three ways to move R2 (BLL Eqs. (1)-(2) with alpha = 0)
. * DGP. w ~ N(2, sigma_w^2), eps ~ N(0, sigma_e^2), z = w + eps; s lognormal w
> ith
. * E(s) = 1 and CV omega_s (s = 1 when omega_s = 0); y = s z, x = s w; regress
>  y on x.
. *   baseline: sigma_w = 1, omega_s = 0, sigma_e = 1
. *   (a) sigma_w = sqrt(3);  (b) omega_s = 1;  (c) sigma_e = sqrt(3)
. * Population values: R2 = V/(V + sigma_e^2), V = sigma_w^2 + 4 omega_s^2/(1 +
>  omega_s^2);
. *   resid s.d. = sqrt(1 + omega_s^2) sigma_e; s.d.(x) = sqrt(omega_s^2 sigma_
> w^2 + 4 omega_s^2 + sigma_w^2).
. *   R2: 0.50, 0.75, 0.75, 0.25.  Resid s.d.: 1.00, 1.00, 1.41, 1.73.
. * Identity check (asserted to 1e-6): R2 = b^2 s2x/(b^2 s2x + s2e) in each sam
> ple.
. * Monte Carlo checks: R2 within 0.02, standard deviations within 0.05, of pop
> ulation values.
. *****************************************************************************
> ***
. clear all

. set seed 1999

. 
. local N    = 100000

. local beta = 1

. local muw  = 2

. 
. forvalues k = 0/3 {
  2.     local sdw  = 1
  3.     local ws   = 0
  4.     local sige = 1
  5.     if `k' == 1 local sdw  = sqrt(3)
  6.     if `k' == 2 local ws   = 1
  7.     if `k' == 3 local sige = sqrt(3)
  8.     clear
  9.     set obs `N'
 10.     gen w   = `muw' + `sdw'*rnormal()
 11.     gen eps = `sige'*rnormal()
 12.     gen z   = `beta'*w + eps
 13.     if `ws' == 0 {
 14.         gen s = 1
 15.     }
 16.     else {
 17.         local v = sqrt(ln(1 + `ws'^2))
 18.         gen s = exp(-0.5*`v'^2 + `v'*rnormal())
 19.     }
 20.     gen y = s*z
 21.     gen x = s*w
 22.     quietly reg y x
 23.     scalar b`k'   = _b[x]
 24.     scalar r2_`k' = e(r2)
 25.     scalar sde`k' = sqrt(e(rss)/(e(N) - 2))
 26.     scalar s2e`k' = e(rss)/(e(N) - 1)
 27.     quietly summarize x
 28.     scalar s2x`k' = r(Var)
 29.     scalar sdx`k' = r(sd)
 30.     local V = `sdw'^2 + `muw'^2*`ws'^2/(1 + `ws'^2)
 31.     scalar popr2`k'  = `beta'^2*`V'/(`beta'^2*`V' + `sige'^2)
 32.     scalar popsde`k' = sqrt(1 + `ws'^2)*`sige'
 33.     scalar popsdx`k' = sqrt(`ws'^2*`sdw'^2 + `ws'^2*`muw'^2 + `sdw'^2)
 34. }
Number of observations (_N) was 0, now 100,000.
Number of observations (_N) was 0, now 100,000.
Number of observations (_N) was 0, now 100,000.
Number of observations (_N) was 0, now 100,000.

. 
. di _n "Module 2 identity checks (should be zero to machine precision):"

Module 2 identity checks (should be zero to machine precision):

. forvalues k = 0/3 {
  2.     di "  Sample `k': R2 - b^2 s2x/(b^2 s2x + s2e) : " %12.8f (r2_`k' - b`
> k'^2*s2x`k'/(b`k'^2*s2x`k' + s2e`k'))
  3.     assert abs(r2_`k' - b`k'^2*s2x`k'/(b`k'^2*s2x`k' + s2e`k')) < 1e-6
  4. }
  Sample 0: R2 - b^2 s2x/(b^2 s2x + s2e) :  -0.00000000
  Sample 1: R2 - b^2 s2x/(b^2 s2x + s2e) :   0.00000000
  Sample 2: R2 - b^2 s2x/(b^2 s2x + s2e) :  -0.00000000
  Sample 3: R2 - b^2 s2x/(b^2 s2x + s2e) :   0.00000000

. di _n "Module 2 Monte Carlo checks (R2 tolerance 0.02; s.d. tolerance 0.05):"

Module 2 Monte Carlo checks (R2 tolerance 0.02; s.d. tolerance 0.05):

. forvalues k = 0/3 {
  2.     di "  Sample `k': R2 = " %6.4f r2_`k' " (pop " %6.4f popr2`k' ")  b = 
> " %6.4f b`k' ///
>        "  resid s.d. = " %6.4f sde`k' " (pop " %6.4f popsde`k' ")  s.d.(x) = 
> " %6.4f sdx`k' " (pop " %6.4f popsdx`k' ")"
  3.     assert abs(r2_`k' - popr2`k') < 0.02
  4.     assert abs(sde`k' - popsde`k') < 0.05
  5.     assert abs(sdx`k' - popsdx`k') < 0.05
  6. }
  Sample 0: R2 = 0.5004 (pop 0.5000)  b = 0.9986  resid s.d. = 0.9997 (pop 1.00
> 00)  s.d.(x) = 1.0020 (pop 1.0000)
  Sample 1: R2 = 0.7499 (pop 0.7500)  b = 0.9996  resid s.d. = 1.0023 (pop 1.00
> 00)  s.d.(x) = 1.7362 (pop 1.7321)
  Sample 2: R2 = 0.7520 (pop 0.7500)  b = 1.0031  resid s.d. = 1.4169 (pop 1.41
> 42)  s.d.(x) = 2.4595 (pop 2.4495)
  Sample 3: R2 = 0.2507 (pop 0.2500)  b = 1.0048  resid s.d. = 1.7335 (pop 1.73
> 21)  s.d.(x) = 0.9979 (pop 1.0000)

. 
. forvalues k = 0/3 {
  2.     local fb`k'   : di %4.2f b`k'
  3.     local fb`k'   = strtrim("`fb`k''")
  4.     local fr2`k'  : di %4.2f r2_`k'
  5.     local fr2`k'  = strtrim("`fr2`k''")
  6.     local fsde`k' : di %4.2f sde`k'
  7.     local fsde`k' = strtrim("`fsde`k''")
  8.     local fsdx`k' : di %4.2f sdx`k'
  9.     local fsdx`k' = strtrim("`fsdx`k''")
 10. }

. 
. file open tab using tables/tab_three_sources.tex, write replace
(file tables/tab_three_sources.tex not found)

. file write tab "\begin{tabular}{@{}lcccc@{}}" _n

. file write tab "\toprule" _n

. file write tab " & Baseline & (a) \$\sigma_w\$: 1 to 1.73 & (b) \$\omega_s\$:
>  0 to 1 & (c) \$\sigma_\varepsilon\$: 1 to 1.73 \\" _n

. file write tab "\midrule" _n

. file write tab "\$R^2\$ & `fr20' & \textcolor{Maroon}{\bfseries `fr21'} & \te
> xtcolor{Maroon}{\bfseries `fr22'} & `fr23' \\" _n

. file write tab "\$\hat\beta\$ & `fb0' & `fb1' & `fb2' & `fb3' \\" _n

. file write tab "\$\hat\sigma_\varepsilon\$ (residual s.d.) & `fsde0' & \textc
> olor{DeepNavy}{\bfseries `fsde1'} & `fsde2' & `fsde3' \\" _n

. file write tab "\$\hat\sigma_x\$ & `fsdx0' & `fsdx1' & `fsdx2' & `fsdx3' \\" 
> _n

. file write tab "\bottomrule" _n

. file write tab "\end{tabular}" _n

. file close tab

. type tables/tab_three_sources.tex
\begin{tabular}{@{}lcccc@{}}
\toprule
 & Baseline & (a) $\sigma_w$: 1 to 1.73 & (b) $\omega_s$: 0 to 1 & (c) $\sigma_
> \varepsilon$: 1 to 1.73 \\
\midrule
$R^2$ & 0.50 & \textcolor{Maroon}{\bfseries 0.75} & \textcolor{Maroon}{\bfserie
> s 0.75} & 0.25 \\
$\hat\beta$ & 1.00 & 1.00 & 1.00 & 1.00 \\
$\hat\sigma_\varepsilon$ (residual s.d.) & 1.00 & \textcolor{DeepNavy}{\bfserie
> s 1.00} & 1.42 & 1.73 \\
$\hat\sigma_x$ & 1.00 & 1.74 & 2.46 & 1.00 \\
\bottomrule
\end{tabular}

. di "Done: tables/tab_three_sources.tex"
Done: tables/tab_three_sources.tex

. 
. 
. *****************************************************************************
> ***
. * MODULE 3: R2 against the CV of the scale factor (BLL Eq. (7); a figure)
. * DGP. w ~ N(2, 1), eps ~ N(0, 1), beta = 1, z = alpha + w + eps; s lognormal
>  with
. * E(s) = 1 and CV omega_s on a grid from 0 to 2; N = 400,000 per grid point.
. * Drawn curves: Eq. (7) on a fine grid (step 0.01). Markers: simulated R2.
. * Identity check (asserted to 1e-10): Eq. (7) equals beta^2 V/(beta^2 V + sig
> ma_e^2) at alpha = 0.
. * Monte Carlo check (tolerance 0.02): simulated R2 within 0.02 of Eq. (7).
. *****************************************************************************
> ***
. clear all

. set seed 1999

. 
. local N    = 400000

. local beta = 1

. local muw  = 2

. local sdw  = 1

. local sige = 1

. 
. tempfile sw

. tempname sims

. postfile `sims' alpha ws r2sim r2eq7 r2v using `sw', replace
(file /var/folders/38/bm5554r57v76sfqrkyw8rxmc0000gn/T//St82853.000001 not
    found)

. foreach a in 0 12 {
  2.     foreach ws in 0 0.1 0.2 0.3 0.4 0.5 0.75 1 1.25 1.5 1.75 2 {
  3.         clear
  4.         set obs `N'
  5.         gen w   = `muw' + `sdw'*rnormal()
  6.         gen eps = `sige'*rnormal()
  7.         gen z   = `a' + `beta'*w + eps
  8.         if `ws' == 0 {
  9.             gen s = 1
 10.         }
 11.         else {
 12.             local v = sqrt(ln(1 + `ws'^2))
 13.             gen s = exp(-0.5*`v'^2 + `v'*rnormal())
 14.         }
 15.         gen y = s*z
 16.         gen x = s*w
 17.         quietly reg y x
 18.         local ws2 = `ws'^2
 19.         local s2z = `beta'^2*`sdw'^2 + `sige'^2
 20.         local muz = `a' + `beta'*`muw'
 21.         local A   = `ws2'*`s2z' + `ws2'*`muz'^2 + `s2z'
 22.         local D   = `ws2'*`sdw'^2 + `ws2'*`muw'^2 + `sdw'^2
 23.         local c1  = `muw'*`ws2'/`D'
 24.         local r2eq7 = `D'/`A'*(`beta' + `a'*`c1')^2
 25.         local V   = `sdw'^2 + `muw'^2*`ws2'/(1 + `ws2')
 26.         local r2v = `beta'^2*`V'/(`beta'^2*`V' + `sige'^2)
 27.         post `sims' (`a') (`ws') (e(r2)) (`r2eq7') (`r2v')
 28.     }
 29. }
Number of observations (_N) was 0, now 400,000.
Number of observations (_N) was 0, now 400,000.
Number of observations (_N) was 0, now 400,000.
Number of observations (_N) was 0, now 400,000.
Number of observations (_N) was 0, now 400,000.
Number of observations (_N) was 0, now 400,000.
Number of observations (_N) was 0, now 400,000.
Number of observations (_N) was 0, now 400,000.
Number of observations (_N) was 0, now 400,000.
Number of observations (_N) was 0, now 400,000.
Number of observations (_N) was 0, now 400,000.
Number of observations (_N) was 0, now 400,000.
Number of observations (_N) was 0, now 400,000.
Number of observations (_N) was 0, now 400,000.
Number of observations (_N) was 0, now 400,000.
Number of observations (_N) was 0, now 400,000.
Number of observations (_N) was 0, now 400,000.
Number of observations (_N) was 0, now 400,000.
Number of observations (_N) was 0, now 400,000.
Number of observations (_N) was 0, now 400,000.
Number of observations (_N) was 0, now 400,000.
Number of observations (_N) was 0, now 400,000.
Number of observations (_N) was 0, now 400,000.
Number of observations (_N) was 0, now 400,000.

. postclose `sims'

. use `sw', clear

. gen fine = 0

. 
. tempfile grid

. preserve

. clear

. set obs 201
Number of observations (_N) was 0, now 201.

. gen ws = (_n - 1)/100

. expand 2
(201 observations created)

. bysort ws: gen alpha = cond(_n == 1, 0, 12)

. gen ws2 = ws^2

. gen s2z = `beta'^2*`sdw'^2 + `sige'^2

. gen muz = alpha + `beta'*`muw'

. gen A   = ws2*s2z + ws2*muz^2 + s2z

. gen D   = ws2*`sdw'^2 + ws2*`muw'^2 + `sdw'^2

. gen c1  = `muw'*ws2/D

. gen r2eq7 = D/A*(`beta' + alpha*c1)^2

. gen fine = 1

. keep alpha ws r2eq7 fine

. save `grid'
file /var/folders/38/bm5554r57v76sfqrkyw8rxmc0000gn/T//St82853.000002 saved
    as .dta format

. restore

. append using `grid'

. 
. gen gap_eq7_v = r2eq7 - r2v if alpha == 0 & fine == 0
(414 missing values generated)

. gen gap_sim   = r2sim - r2eq7 if fine == 0
(402 missing values generated)

. list alpha ws r2sim r2eq7 gap_sim if fine == 0, sep(12) noobs

  +------------------------------------------------+
  | alpha     ws      r2sim      r2eq7     gap_sim |
  |------------------------------------------------|
  |     0      0   .5021535         .5    .0021535 |
  |     0     .1   .5112229   .5097088    .0015141 |
  |     0     .2   .5374763   .5357143     .001762 |
  |     0     .3   .5715157   .5708662    .0006496 |
  |     0     .4   .6063498   .6081081   -.0017583 |
  |     0     .5   .6433641   .6428571    .0005069 |
  |     0    .75   .7080578   .7093023   -.0012445 |
  |     0      1   .7503514        .75    .0003514 |
  |     0   1.25    .774963   .7747253    .0002378 |
  |     0    1.5   .7883176   .7903226    -.002005 |
  |     0   1.75   .8085917   .8006135    .0079782 |
  |     0      2   .8036749   .8076923   -.0040174 |
  |------------------------------------------------|
  |    12      0   .4991828         .5   -.0008172 |
  |    12     .1   .3991174   .3982053    .0009121 |
  |    12     .2   .3932653   .3919355    .0013298 |
  |    12     .3   .4521522   .4534639   -.0013118 |
  |    12     .4   .5241724   .5247031   -.0005307 |
  |    12     .5   .5867685   .5873786   -.0006101 |
  |    12    .75   .6927921   .6934137   -.0006216 |
  |    12      1   .7470089        .75   -.0029911 |
  |    12   1.25    .784166   .7816523    .0025137 |
  |    12    1.5   .7958558   .8006499   -.0047941 |
  |    12   1.75   .8172407   .8127962    .0044445 |
  |    12      2   .8099641   .8209788   -.0110146 |
  +------------------------------------------------+

. di _n "Module 3 identity check, alpha = 0: max abs [Eq. (7) - beta^2 V/(beta^
> 2 V + sigma_e^2)] (should be zero):"

Module 3 identity check, alpha = 0: max abs [Eq. (7) - beta^2 V/(beta^2 V + sig
> ma_e^2)] (should be zero):

. quietly summarize gap_eq7_v

. di "  " %14.10f max(abs(r(min)), abs(r(max)))
    0.0000000000

. assert max(abs(r(min)), abs(r(max))) < 1e-10

. di _n "Module 3 Monte Carlo check: max abs (simulated R2 - Eq. (7)) over 24 g
> rid points (tolerance 0.02):"

Module 3 Monte Carlo check: max abs (simulated R2 - Eq. (7)) over 24 grid point
> s (tolerance 0.02):

. quietly summarize gap_sim

. di "  " %10.6f max(abs(r(min)), abs(r(max)))
    0.011015

. assert max(abs(r(min)), abs(r(max))) < 0.02

. 
. quietly summarize r2eq7 if alpha == 0 & ws == 0 & fine == 1

. local f00 : di %4.2f r(mean)

. quietly summarize r2eq7 if alpha == 12 & fine == 1

. local f8min : di %4.2f r(min)

. local r8min = r(min)

. quietly summarize ws if alpha == 12 & fine == 1 & abs(r2eq7 - `r8min') < 1e-9

. local f8at : di %4.2f r(mean)

. quietly summarize ws if alpha == 12 & fine == 1 & ws > 0 & r2eq7 >= 0.5

. local f8cross : di %4.2f r(min)

. local lim0 : di %4.2f (`beta'^2*(`sdw'^2 + `muw'^2))/(`beta'^2*`sdw'^2 + `sig
> e'^2 + (`beta'*`muw')^2)

. local Ewz8 = 12*`muw' + `beta'*(`sdw'^2 + `muw'^2)

. local lim8 : di %4.2f (`Ewz8'^2)/((`sdw'^2 + `muw'^2)*(`beta'^2*`sdw'^2 + `si
> ge'^2 + (12 + `beta'*`muw')^2))

. di _n "Module 3 numbers: R2 at omega_s = 0: `f00'; alpha = 0 limit `lim0'; al
> pha = 12 minimum `f8min' at omega_s = `f8at', back to 0.50 at omega_s = `f8cr
> oss', limit `lim8'"

Module 3 numbers: R2 at omega_s = 0: 0.50; alpha = 0 limit 0.83; alpha = 12 min
> imum 0.38 at omega_s = 0.15, back to 0.50 at omega_s = 0.37, limit 0.85

. 
. twoway (line r2eq7 ws if alpha == 0 & fine == 1, lcolor(navy) lwidth(thick)) 
>                      ///
>        (scatter r2sim ws if alpha == 0 & fine == 0, mcolor(navy) msymbol(circ
> le) msize(medium))   ///
>        (line r2eq7 ws if alpha == 12 & fine == 1, lcolor(maroon) lwidth(thick
> ))                    ///
>        (scatter r2sim ws if alpha == 12 & fine == 0, mcolor(maroon) msymbol(c
> ircle_hollow) msize(medium)), ///
>     yline(`f00', lcolor(gs8) lpattern(dash))                                 
>           ///
>     text(0.505 1.6 "scale-free R-squared = `f00'", color(gs6) size(medsmall) 
> placement(n))        ///
>     text(0.87 0.05 "{&alpha} = 0: rises toward `lim0'", color(navy) size(medi
> um) placement(e))    ///
>     text(0.37 0.55 "{&alpha} = 12: falls, then rises toward `lim8'", color(ma
> roon) size(medium) placement(s)) ///
>     xtitle("Coefficient of variation of the scale factor, {&omega}{sub:s}")  
>           ///
>     ytitle("R-squared of y = sz on x = sw")                                  
>            ///
>     xlabel(0(0.5)2) ylabel(0.3(0.1)0.9, angle(horizontal) format(%3.1f))     
>           ///
>     title("R-squared moves with the CV of scale, relation fixed")            
>            ///
>     subtitle("Simulated data (seed 1999), N = 400,000 per point; lines are BL
> L Eq. (7)") ///
>     legend(off) scheme(s1color) xsize(9) ysize(5)

. graph export figures/fig1_scale_sweep.png, replace width(2000)
(file figures/fig1_scale_sweep.png not found)
file figures/fig1_scale_sweep.png written in PNG format

. di "Done: figures/fig1_scale_sweep.png"
Done: figures/fig1_scale_sweep.png

. 
. 
. *****************************************************************************
> ***
. * MODULE 4: Gu (2007) Table 2 recreated (levels model, pooled 1953-1998)
. * The ten (mean |P-hat|, pricing error) pairs typed from Gu's Table 2, agains
> t a
. * ray from the origin through decile 3 (what proportional scale would predict
> ).
. *****************************************************************************
> ***
. clear all

. 
. input decile scale perr

        decile      scale       perr
  1.  1  3.444  5.285
  2.  2  5.996  4.832
  3.  3  7.870  5.613
  4.  4  9.903  6.473
  5.  5 12.178  7.440
  6.  6 14.783  8.302
  7.  7 18.024  8.968
  8.  8 22.357  9.465
  9.  9 28.795 10.468
 10. 10 45.369 13.439
 11. end

. scalar slope3      = 5.613/7.870

. scalar ratio_scale = 45.369/7.870

. scalar ratio_err   = 13.439/5.613

. scalar ray10       = slope3*45.369

. gen ray = slope3*scale

. di _n "Module 4, recreated from Gu (2007), Table 2, levels model:"

Module 4, recreated from Gu (2007), Table 2, levels model:

. di "  decile 10 to decile 3, scale ratio         : " %4.1f ratio_scale
  decile 10 to decile 3, scale ratio         :  5.8

. di "  decile 10 to decile 3, pricing-error ratio : " %4.1f ratio_err
  decile 10 to decile 3, pricing-error ratio :  2.4

. di "  proportional ray at decile 10 scale would predict a pricing error of " 
> %5.1f ray10
  proportional ray at decile 10 scale would predict a pricing error of  32.4

. local frs : di %3.1f ratio_scale

. local fre : di %3.1f ratio_err

. 
. twoway (line ray scale, lcolor(maroon) lpattern(dash) lwidth(medthick))      
>             ///
>        (connected perr scale, lcolor(navy) mcolor(navy) msymbol(circle) lwidt
> h(thick) msize(medium)), ///
>     text(30 30 "proportional to scale" "(ray through decile 3)", color(maroon
> ) size(medsmall) placement(w) justification(right)) ///
>     text(3.0 16 "Gu (2007) Table 2:" "pricing error by scale decile", color(n
> avy) size(medsmall) placement(e) justification(left)) ///
>     text(7.4 7.6 "decile 3", color(gs6) size(medsmall) placement(nw))        
>              ///
>     text(8.3 45 "decile 10: scale `frs' to 1," "pricing error `fre' to 1", co
> lor(gs6) size(medsmall) placement(sw) justification(right)) ///
>     xtitle("Mean absolute fitted price in the decile (dollars)")             
>              ///
>     ytitle("Pricing error, root mean squared residual (dollars)")            
>             ///
>     xlabel(0(10)50) ylabel(0(5)35, angle(horizontal))                        
>             ///
>     title("Pricing errors rise less than in proportion to scale")            
>             ///
>     subtitle("Recreated from Gu (2007) Table 2, levels model (2), pooled 1953
> -1998")     ///
>     legend(off) scheme(s1color) xsize(9) ysize(5)

. graph export figures/fig2_gu_table2.png, replace width(2000)
(file figures/fig2_gu_table2.png not found)
file figures/fig2_gu_table2.png written in PNG format

. di "Done: figures/fig2_gu_table2.png"
Done: figures/fig2_gu_table2.png

. 
. log close
      name:  <unnamed>
       log:  /Users/sambonsall/Library/CloudStorage/OneDrive-ThePennsylvaniaSta
> teUniversity/ACCTG 597A/acctg597a-research-design/week04-bll-r2-incomparabili
> ty/bll_r2_incomparability.log
  log type:  text
 closed on:  13 Sep 2026, 22:55:48
-------------------------------------------------------------------------------
